2026-09-04T19:24:07.701+08:00 INFO  --- [main] com.kk.TliasWebManagementApplication               : Starting TliasWebManagementApplication using Java 23.0.2 with PID 35160 (D:\web_ai_code\Web-ai-project-03\tlias-web-management\target\classes started by 28428 in D:\web_ai_code\Web-ai-project-03)
2026-09-04T19:24:07.710+08:00 INFO  --- [main] com.kk.TliasWebManagementApplication               : No active profile set, falling back to 1 default profile: "default"
2026-09-04T19:24:09.139+08:00 INFO  --- [main] o.s.boot.web.embedded.tomcat.TomcatWebServer       : Tomcat initialized with port 8080 (http)
2026-09-04T19:24:09.156+08:00 INFO  --- [main] org.apache.coyote.http11.Http11NioProtocol         : Initializing ProtocolHandler ["http-nio-8080"]
2026-09-04T19:24:09.158+08:00 INFO  --- [main] org.apache.catalina.core.StandardService           : Starting service [Tomcat]
2026-09-04T19:24:09.158+08:00 INFO  --- [main] org.apache.catalina.core.StandardEngine            : Starting Servlet engine: [Apache Tomcat/10.1.34]
2026-09-04T19:24:09.230+08:00 INFO  --- [main] o.a.c.core.ContainerBase.[Tomcat].[localhost].[/]  : Initializing Spring embedded WebApplicationContext
2026-09-04T19:24:09.230+08:00 INFO  --- [main] o.s.b.w.s.c.ServletWebServerApplicationContext     : Root WebApplicationContext: initialization completed in 1457 ms
2026-09-04T19:24:09.515+08:00 ERROR --- [main] org.mybatis.spring.mapper.MapperFactoryBean        : Error while adding the mapper 'interface com.kk.mapper.EmpMapper' to configuration.
org.apache.ibatis.builder.BuilderException: Error creating document instance.  Cause: org.xml.sax.SAXParseException; lineNumber: 72; columnNumber: 47; 必须为元素类型 "select" 声明属性 "re"。
	at org.apache.ibatis.parsing.XPathParser.createDocument(XPathParser.java:262)
	at org.apache.ibatis.parsing.XPathParser.<init>(XPathParser.java:127)
	at org.apache.ibatis.builder.xml.XMLMapperBuilder.<init>(XMLMapperBuilder.java:85)
	at org.apache.ibatis.builder.xml.XMLMapperBuilder.<init>(XMLMapperBuilder.java:79)
	at org.apache.ibatis.builder.annotation.MapperAnnotationBuilder.loadXmlResource(MapperAnnotationBuilder.java:179)
	at org.apache.ibatis.builder.annotation.MapperAnnotationBuilder.parse(MapperAnnotationBuilder.java:118)
	at org.apache.ibatis.binding.MapperRegistry.addMapper(MapperRegistry.java:72)
	at org.apache.ibatis.session.Configuration.addMapper(Configuration.java:895)
	at org.mybatis.spring.mapper.MapperFactoryBean.checkDaoConfig(MapperFactoryBean.java:80)
	at org.springframework.dao.support.DaoSupport.afterPropertiesSet(DaoSupport.java:44)
	at org.springframework.beans.factory.support.AbstractAutowireCapableBeanFactory.invokeInitMethods(AbstractAutowireCapableBeanFactory.java:1855)
	at org.springframework.beans.factory.support.AbstractAutowireCapableBeanFactory.initializeBean(AbstractAutowireCapableBeanFactory.java:1804)
	at org.springframework.beans.factory.support.AbstractAutowireCapableBeanFactory.doCreateBean(AbstractAutowireCapableBeanFactory.java:601)
	at org.springframework.beans.factory.support.AbstractAutowireCapableBeanFactory.createBean(AbstractAutowireCapableBeanFactory.java:523)
	at org.springframework.beans.factory.support.AbstractBeanFactory.lambda$doGetBean$0(AbstractBeanFactory.java:336)
	at org.springframework.beans.factory.support.DefaultSingletonBeanRegistry.getSingleton(DefaultSingletonBeanRegistry.java:289)
	at org.springframework.beans.factory.support.AbstractBeanFactory.doGetBean(AbstractBeanFactory.java:334)
	at org.springframework.beans.factory.support.AbstractBeanFactory.getBean(AbstractBeanFactory.java:199)
	at org.springframework.beans.factory.support.DefaultListableBeanFactory.doResolveDependency(DefaultListableBeanFactory.java:1573)
	at org.springframework.beans.factory.support.DefaultListableBeanFactory.resolveDependency(DefaultListableBeanFactory.java:1519)
	at org.springframework.beans.factory.annotation.AutowiredAnnotationBeanPostProcessor$AutowiredFieldElement.resolveFieldValue(AutowiredAnnotationBeanPostProcessor.java:785)
	at org.springframework.beans.factory.annotation.AutowiredAnnotationBeanPostProcessor$AutowiredFieldElement.inject(AutowiredAnnotationBeanPostProcessor.java:768)
	at org.springframework.beans.factory.annotation.InjectionMetadata.inject(InjectionMetadata.java:146)
	at org.springframework.beans.factory.annotation.AutowiredAnnotationBeanPostProcessor.postProcessProperties(AutowiredAnnotationBeanPostProcessor.java:509)
	at org.springframework.beans.factory.support.AbstractAutowireCapableBeanFactory.populateBean(AbstractAutowireCapableBeanFactory.java:1441)
	at org.springframework.beans.factory.support.AbstractAutowireCapableBeanFactory.doCreateBean(AbstractAutowireCapableBeanFactory.java:600)
	at org.springframework.beans.factory.support.AbstractAutowireCapableBeanFactory.createBean(AbstractAutowireCapableBeanFactory.java:523)
	at org.springframework.beans.factory.support.AbstractBeanFactory.lambda$doGetBean$0(AbstractBeanFactory.java:336)
	at org.springframework.beans.factory.support.DefaultSingletonBeanRegistry.getSingleton(DefaultSingletonBeanRegistry.java:289)
	at org.springframework.beans.factory.support.AbstractBeanFactory.doGetBean(AbstractBeanFactory.java:334)
	at org.springframework.beans.factory.support.AbstractBeanFactory.getBean(AbstractBeanFactory.java:199)
	at org.springframework.beans.factory.config.DependencyDescriptor.resolveCandidate(DependencyDescriptor.java:254)
	at org.springframework.beans.factory.support.DefaultListableBeanFactory.doResolveDependency(DefaultListableBeanFactory.java:1631)
	at org.springframework.beans.factory.support.DefaultListableBeanFactory.resolveDependency(DefaultListableBeanFactory.java:1519)
	at org.springframework.beans.factory.annotation.AutowiredAnnotationBeanPostProcessor$AutowiredFieldElement.resolveFieldValue(AutowiredAnnotationBeanPostProcessor.java:785)
	at org.springframework.beans.factory.annotation.AutowiredAnnotationBeanPostProcessor$AutowiredFieldElement.inject(AutowiredAnnotationBeanPostProcessor.java:768)
	at org.springframework.beans.factory.annotation.InjectionMetadata.inject(InjectionMetadata.java:146)
	at org.springframework.beans.factory.annotation.AutowiredAnnotationBeanPostProcessor.postProcessProperties(AutowiredAnnotationBeanPostProcessor.java:509)
	at org.springframework.beans.factory.support.AbstractAutowireCapableBeanFactory.populateBean(AbstractAutowireCapableBeanFactory.java:1441)
	at org.springframework.beans.factory.support.AbstractAutowireCapableBeanFactory.doCreateBean(AbstractAutowireCapableBeanFactory.java:600)
	at org.springframework.beans.factory.support.AbstractAutowireCapableBeanFactory.createBean(AbstractAutowireCapableBeanFactory.java:523)
	at org.springframework.beans.factory.support.AbstractBeanFactory.lambda$doGetBean$0(AbstractBeanFactory.java:336)
	at org.springframework.beans.factory.support.DefaultSingletonBeanRegistry.getSingleton(DefaultSingletonBeanRegistry.java:289)
	at org.springframework.beans.factory.support.AbstractBeanFactory.doGetBean(AbstractBeanFactory.java:334)
	at org.springframework.beans.factory.support.AbstractBeanFactory.getBean(AbstractBeanFactory.java:199)
	at org.springframework.beans.factory.support.DefaultListableBeanFactory.instantiateSingleton(DefaultListableBeanFactory.java:1122)
	at org.springframework.beans.factory.support.DefaultListableBeanFactory.preInstantiateSingleton(DefaultListableBeanFactory.java:1093)
	at org.springframework.beans.factory.support.DefaultListableBeanFactory.preInstantiateSingletons(DefaultListableBeanFactory.java:1030)
	at org.springframework.context.support.AbstractApplicationContext.finishBeanFactoryInitialization(AbstractApplicationContext.java:987)
	at org.springframework.context.support.AbstractApplicationContext.refresh(AbstractApplicationContext.java:627)
	at org.springframework.boot.web.servlet.context.ServletWebServerApplicationContext.refresh(ServletWebServerApplicationContext.java:146)
	at org.springframework.boot.SpringApplication.refresh(SpringApplication.java:752)
	at org.springframework.boot.SpringApplication.refreshContext(SpringApplication.java:439)
	at org.springframework.boot.SpringApplication.run(SpringApplication.java:318)
	at org.springframework.boot.SpringApplication.run(SpringApplication.java:1361)
	at org.springframework.boot.SpringApplication.run(SpringApplication.java:1350)
	at com.kk.TliasWebManagementApplication.main(TliasWebManagementApplication.java:12)
Caused by: org.xml.sax.SAXParseException: 必须为元素类型 "select" 声明属性 "re"。
	at java.xml/com.sun.org.apache.xerces.internal.util.ErrorHandlerWrapper.createSAXParseException(ErrorHandlerWrapper.java:204)
	at java.xml/com.sun.org.apache.xerces.internal.util.ErrorHandlerWrapper.error(ErrorHandlerWrapper.java:135)
	at java.xml/com.sun.org.apache.xerces.internal.impl.XMLErrorReporter.reportError(XMLErrorReporter.java:396)
	at java.xml/com.sun.org.apache.xerces.internal.impl.XMLErrorReporter.reportError(XMLErrorReporter.java:327)
	at java.xml/com.sun.org.apache.xerces.internal.impl.XMLErrorReporter.reportError(XMLErrorReporter.java:284)
	at java.xml/com.sun.org.apache.xerces.internal.impl.dtd.XMLDTDValidator.addDTDDefaultAttrsAndValidate(XMLDTDValidator.java:1237)
	at java.xml/com.sun.org.apache.xerces.internal.impl.dtd.XMLDTDValidator.handleStartElement(XMLDTDValidator.java:1846)
	at java.xml/com.sun.org.apache.xerces.internal.impl.dtd.XMLDTDValidator.startElement(XMLDTDValidator.java:728)
	at java.xml/com.sun.org.apache.xerces.internal.impl.XMLDocumentFragmentScannerImpl.scanStartElement(XMLDocumentFragmentScannerImpl.java:1416)
	at java.xml/com.sun.org.apache.xerces.internal.impl.XMLDocumentFragmentScannerImpl$FragmentContentDriver.next(XMLDocumentFragmentScannerImpl.java:2735)
	at java.xml/com.sun.org.apache.xerces.internal.impl.XMLDocumentScannerImpl.next(XMLDocumentScannerImpl.java:635)
	at java.xml/com.sun.org.apache.xerces.internal.impl.XMLDocumentFragmentScannerImpl.scanDocument(XMLDocumentFragmentScannerImpl.java:551)
	at java.xml/com.sun.org.apache.xerces.internal.parsers.XML11Configuration.parse(XML11Configuration.java:890)
	at java.xml/com.sun.org.apache.xerces.internal.parsers.XML11Configuration.parse(XML11Configuration.java:826)
	at java.xml/com.sun.org.apache.xerces.internal.parsers.XMLParser.parse(XMLParser.java:134)
	at java.xml/com.sun.org.apache.xerces.internal.parsers.DOMParser.parse(DOMParser.java:247)
	at java.xml/com.sun.org.apache.xerces.internal.jaxp.DocumentBuilderImpl.parse(DocumentBuilderImpl.java:342)
	at org.apache.ibatis.parsing.XPathParser.createDocument(XPathParser.java:260)
	... 56 common frames omitted
2026-09-04T19:24:09.521+08:00 WARN  --- [main] o.s.b.w.s.c.AnnotationConfigServletWebServerApplicationContext : Exception encountered during context initialization - cancelling refresh attempt: org.springframework.beans.factory.UnsatisfiedDependencyException: Error creating bean with name 'empController': Unsatisfied dependency expressed through field 'empService': Error creating bean with name 'empServiceImpl': Unsatisfied dependency expressed through field 'empMapper': Error creating bean with name 'empMapper' defined in file [D:\web_ai_code\Web-ai-project-03\tlias-web-management\target\classes\com\kk\mapper\EmpMapper.class]: org.apache.ibatis.builder.BuilderException: Error creating document instance.  Cause: org.xml.sax.SAXParseException; lineNumber: 72; columnNumber: 47; 必须为元素类型 "select" 声明属性 "re"。
2026-09-04T19:24:09.524+08:00 INFO  --- [main] org.apache.catalina.core.StandardService           : Stopping service [Tomcat]
2026-09-04T19:24:09.539+08:00 INFO  --- [main] o.s.b.a.logging.ConditionEvaluationReportLogger    : 

Error starting ApplicationContext. To display the condition evaluation report re-run your application with 'debug' enabled.
2026-09-04T19:24:09.560+08:00 ERROR --- [main] org.springframework.boot.SpringApplication         : Application run failed
org.springframework.beans.factory.UnsatisfiedDependencyException: Error creating bean with name 'empController': Unsatisfied dependency expressed through field 'empService': Error creating bean with name 'empServiceImpl': Unsatisfied dependency expressed through field 'empMapper': Error creating bean with name 'empMapper' defined in file [D:\web_ai_code\Web-ai-project-03\tlias-web-management\target\classes\com\kk\mapper\EmpMapper.class]: org.apache.ibatis.builder.BuilderException: Error creating document instance.  Cause: org.xml.sax.SAXParseException; lineNumber: 72; columnNumber: 47; 必须为元素类型 "select" 声明属性 "re"。
	at org.springframework.beans.factory.annotation.AutowiredAnnotationBeanPostProcessor$AutowiredFieldElement.resolveFieldValue(AutowiredAnnotationBeanPostProcessor.java:788)
	at org.springframework.beans.factory.annotation.AutowiredAnnotationBeanPostProcessor$AutowiredFieldElement.inject(AutowiredAnnotationBeanPostProcessor.java:768)
	at org.springframework.beans.factory.annotation.InjectionMetadata.inject(InjectionMetadata.java:146)
	at org.springframework.beans.factory.annotation.AutowiredAnnotationBeanPostProcessor.postProcessProperties(AutowiredAnnotationBeanPostProcessor.java:509)
	at org.springframework.beans.factory.support.AbstractAutowireCapableBeanFactory.populateBean(AbstractAutowireCapableBeanFactory.java:1441)
	at org.springframework.beans.factory.support.AbstractAutowireCapableBeanFactory.doCreateBean(AbstractAutowireCapableBeanFactory.java:600)
	at org.springframework.beans.factory.support.AbstractAutowireCapableBeanFactory.createBean(AbstractAutowireCapableBeanFactory.java:523)
	at org.springframework.beans.factory.support.AbstractBeanFactory.lambda$doGetBean$0(AbstractBeanFactory.java:336)
	at org.springframework.beans.factory.support.DefaultSingletonBeanRegistry.getSingleton(DefaultSingletonBeanRegistry.java:289)
	at org.springframework.beans.factory.support.AbstractBeanFactory.doGetBean(AbstractBeanFactory.java:334)
	at org.springframework.beans.factory.support.AbstractBeanFactory.getBean(AbstractBeanFactory.java:199)
	at org.springframework.beans.factory.support.DefaultListableBeanFactory.instantiateSingleton(DefaultListableBeanFactory.java:1122)
	at org.springframework.beans.factory.support.DefaultListableBeanFactory.preInstantiateSingleton(DefaultListableBeanFactory.java:1093)
	at org.springframework.beans.factory.support.DefaultListableBeanFactory.preInstantiateSingletons(DefaultListableBeanFactory.java:1030)
	at org.springframework.context.support.AbstractApplicationContext.finishBeanFactoryInitialization(AbstractApplicationContext.java:987)
	at org.springframework.context.support.AbstractApplicationContext.refresh(AbstractApplicationContext.java:627)
	at org.springframework.boot.web.servlet.context.ServletWebServerApplicationContext.refresh(ServletWebServerApplicationContext.java:146)
	at org.springframework.boot.SpringApplication.refresh(SpringApplication.java:752)
	at org.springframework.boot.SpringApplication.refreshContext(SpringApplication.java:439)
	at org.springframework.boot.SpringApplication.run(SpringApplication.java:318)
	at org.springframework.boot.SpringApplication.run(SpringApplication.java:1361)
	at org.springframework.boot.SpringApplication.run(SpringApplication.java:1350)
	at com.kk.TliasWebManagementApplication.main(TliasWebManagementApplication.java:12)
Caused by: org.springframework.beans.factory.UnsatisfiedDependencyException: Error creating bean with name 'empServiceImpl': Unsatisfied dependency expressed through field 'empMapper': Error creating bean with name 'empMapper' defined in file [D:\web_ai_code\Web-ai-project-03\tlias-web-management\target\classes\com\kk\mapper\EmpMapper.class]: org.apache.ibatis.builder.BuilderException: Error creating document instance.  Cause: org.xml.sax.SAXParseException; lineNumber: 72; columnNumber: 47; 必须为元素类型 "select" 声明属性 "re"。
	at org.springframework.beans.factory.annotation.AutowiredAnnotationBeanPostProcessor$AutowiredFieldElement.resolveFieldValue(AutowiredAnnotationBeanPostProcessor.java:788)
	at org.springframework.beans.factory.annotation.AutowiredAnnotationBeanPostProcessor$AutowiredFieldElement.inject(AutowiredAnnotationBeanPostProcessor.java:768)
	at org.springframework.beans.factory.annotation.InjectionMetadata.inject(InjectionMetadata.java:146)
	at org.springframework.beans.factory.annotation.AutowiredAnnotationBeanPostProcessor.postProcessProperties(AutowiredAnnotationBeanPostProcessor.java:509)
	at org.springframework.beans.factory.support.AbstractAutowireCapableBeanFactory.populateBean(AbstractAutowireCapableBeanFactory.java:1441)
	at org.springframework.beans.factory.support.AbstractAutowireCapableBeanFactory.doCreateBean(AbstractAutowireCapableBeanFactory.java:600)
	at org.springframework.beans.factory.support.AbstractAutowireCapableBeanFactory.createBean(AbstractAutowireCapableBeanFactory.java:523)
	at org.springframework.beans.factory.support.AbstractBeanFactory.lambda$doGetBean$0(AbstractBeanFactory.java:336)
	at org.springframework.beans.factory.support.DefaultSingletonBeanRegistry.getSingleton(DefaultSingletonBeanRegistry.java:289)
	at org.springframework.beans.factory.support.AbstractBeanFactory.doGetBean(AbstractBeanFactory.java:334)
	at org.springframework.beans.factory.support.AbstractBeanFactory.getBean(AbstractBeanFactory.java:199)
	at org.springframework.beans.factory.config.DependencyDescriptor.resolveCandidate(DependencyDescriptor.java:254)
	at org.springframework.beans.factory.support.DefaultListableBeanFactory.doResolveDependency(DefaultListableBeanFactory.java:1631)
	at org.springframework.beans.factory.support.DefaultListableBeanFactory.resolveDependency(DefaultListableBeanFactory.java:1519)
	at org.springframework.beans.factory.annotation.AutowiredAnnotationBeanPostProcessor$AutowiredFieldElement.resolveFieldValue(AutowiredAnnotationBeanPostProcessor.java:785)
	... 22 common frames omitted
Caused by: org.springframework.beans.factory.BeanCreationException: Error creating bean with name 'empMapper' defined in file [D:\web_ai_code\Web-ai-project-03\tlias-web-management\target\classes\com\kk\mapper\EmpMapper.class]: org.apache.ibatis.builder.BuilderException: Error creating document instance.  Cause: org.xml.sax.SAXParseException; lineNumber: 72; columnNumber: 47; 必须为元素类型 "select" 声明属性 "re"。
	at org.springframework.beans.factory.support.AbstractAutowireCapableBeanFactory.initializeBean(AbstractAutowireCapableBeanFactory.java:1808)
	at org.springframework.beans.factory.support.AbstractAutowireCapableBeanFactory.doCreateBean(AbstractAutowireCapableBeanFactory.java:601)
	at org.springframework.beans.factory.support.AbstractAutowireCapableBeanFactory.createBean(AbstractAutowireCapableBeanFactory.java:523)
	at org.springframework.beans.factory.support.AbstractBeanFactory.lambda$doGetBean$0(AbstractBeanFactory.java:336)
	at org.springframework.beans.factory.support.DefaultSingletonBeanRegistry.getSingleton(DefaultSingletonBeanRegistry.java:289)
	at org.springframework.beans.factory.support.AbstractBeanFactory.doGetBean(AbstractBeanFactory.java:334)
	at org.springframework.beans.factory.support.AbstractBeanFactory.getBean(AbstractBeanFactory.java:199)
	at org.springframework.beans.factory.support.DefaultListableBeanFactory.doResolveDependency(DefaultListableBeanFactory.java:1573)
	at org.springframework.beans.factory.support.DefaultListableBeanFactory.resolveDependency(DefaultListableBeanFactory.java:1519)
	at org.springframework.beans.factory.annotation.AutowiredAnnotationBeanPostProcessor$AutowiredFieldElement.resolveFieldValue(AutowiredAnnotationBeanPostProcessor.java:785)
	... 36 common frames omitted
Caused by: java.lang.IllegalArgumentException: org.apache.ibatis.builder.BuilderException: Error creating document instance.  Cause: org.xml.sax.SAXParseException; lineNumber: 72; columnNumber: 47; 必须为元素类型 "select" 声明属性 "re"。
	at org.mybatis.spring.mapper.MapperFactoryBean.checkDaoConfig(MapperFactoryBean.java:83)
	at org.springframework.dao.support.DaoSupport.afterPropertiesSet(DaoSupport.java:44)
	at org.springframework.beans.factory.support.AbstractAutowireCapableBeanFactory.invokeInitMethods(AbstractAutowireCapableBeanFactory.java:1855)
	at org.springframework.beans.factory.support.AbstractAutowireCapableBeanFactory.initializeBean(AbstractAutowireCapableBeanFactory.java:1804)
	... 45 common frames omitted
Caused by: org.apache.ibatis.builder.BuilderException: Error creating document instance.  Cause: org.xml.sax.SAXParseException; lineNumber: 72; columnNumber: 47; 必须为元素类型 "select" 声明属性 "re"。
	at org.apache.ibatis.parsing.XPathParser.createDocument(XPathParser.java:262)
	at org.apache.ibatis.parsing.XPathParser.<init>(XPathParser.java:127)
	at org.apache.ibatis.builder.xml.XMLMapperBuilder.<init>(XMLMapperBuilder.java:85)
	at org.apache.ibatis.builder.xml.XMLMapperBuilder.<init>(XMLMapperBuilder.java:79)
	at org.apache.ibatis.builder.annotation.MapperAnnotationBuilder.loadXmlResource(MapperAnnotationBuilder.java:179)
	at org.apache.ibatis.builder.annotation.MapperAnnotationBuilder.parse(MapperAnnotationBuilder.java:118)
	at org.apache.ibatis.binding.MapperRegistry.addMapper(MapperRegistry.java:72)
	at org.apache.ibatis.session.Configuration.addMapper(Configuration.java:895)
	at org.mybatis.spring.mapper.MapperFactoryBean.checkDaoConfig(MapperFactoryBean.java:80)
	... 48 common frames omitted
Caused by: org.xml.sax.SAXParseException: 必须为元素类型 "select" 声明属性 "re"。
	at java.xml/com.sun.org.apache.xerces.internal.util.ErrorHandlerWrapper.createSAXParseException(ErrorHandlerWrapper.java:204)
	at java.xml/com.sun.org.apache.xerces.internal.util.ErrorHandlerWrapper.error(ErrorHandlerWrapper.java:135)
	at java.xml/com.sun.org.apache.xerces.internal.impl.XMLErrorReporter.reportError(XMLErrorReporter.java:396)
	at java.xml/com.sun.org.apache.xerces.internal.impl.XMLErrorReporter.reportError(XMLErrorReporter.java:327)
	at java.xml/com.sun.org.apache.xerces.internal.impl.XMLErrorReporter.reportError(XMLErrorReporter.java:284)
	at java.xml/com.sun.org.apache.xerces.internal.impl.dtd.XMLDTDValidator.addDTDDefaultAttrsAndValidate(XMLDTDValidator.java:1237)
	at java.xml/com.sun.org.apache.xerces.internal.impl.dtd.XMLDTDValidator.handleStartElement(XMLDTDValidator.java:1846)
	at java.xml/com.sun.org.apache.xerces.internal.impl.dtd.XMLDTDValidator.startElement(XMLDTDValidator.java:728)
	at java.xml/com.sun.org.apache.xerces.internal.impl.XMLDocumentFragmentScannerImpl.scanStartElement(XMLDocumentFragmentScannerImpl.java:1416)
	at java.xml/com.sun.org.apache.xerces.internal.impl.XMLDocumentFragmentScannerImpl$FragmentContentDriver.next(XMLDocumentFragmentScannerImpl.java:2735)
	at java.xml/com.sun.org.apache.xerces.internal.impl.XMLDocumentScannerImpl.next(XMLDocumentScannerImpl.java:635)
	at java.xml/com.sun.org.apache.xerces.internal.impl.XMLDocumentFragmentScannerImpl.scanDocument(XMLDocumentFragmentScannerImpl.java:551)
	at java.xml/com.sun.org.apache.xerces.internal.parsers.XML11Configuration.parse(XML11Configuration.java:890)
	at java.xml/com.sun.org.apache.xerces.internal.parsers.XML11Configuration.parse(XML11Configuration.java:826)
	at java.xml/com.sun.org.apache.xerces.internal.parsers.XMLParser.parse(XMLParser.java:134)
	at java.xml/com.sun.org.apache.xerces.internal.parsers.DOMParser.parse(DOMParser.java:247)
	at java.xml/com.sun.org.apache.xerces.internal.jaxp.DocumentBuilderImpl.parse(DocumentBuilderImpl.java:342)
	at org.apache.ibatis.parsing.XPathParser.createDocument(XPathParser.java:260)
	... 56 common frames omitted
2026-09-04T19:24:23.417+08:00 INFO  --- [main] com.kk.TliasWebManagementApplication               : Starting TliasWebManagementApplication using Java 23.0.2 with PID 27980 (D:\web_ai_code\Web-ai-project-03\tlias-web-management\target\classes started by 28428 in D:\web_ai_code\Web-ai-project-03)
2026-09-04T19:24:23.419+08:00 INFO  --- [main] com.kk.TliasWebManagementApplication               : No active profile set, falling back to 1 default profile: "default"
2026-09-04T19:24:24.474+08:00 INFO  --- [main] o.s.boot.web.embedded.tomcat.TomcatWebServer       : Tomcat initialized with port 8080 (http)
2026-09-04T19:24:24.489+08:00 INFO  --- [main] org.apache.coyote.http11.Http11NioProtocol         : Initializing ProtocolHandler ["http-nio-8080"]
2026-09-04T19:24:24.491+08:00 INFO  --- [main] org.apache.catalina.core.StandardService           : Starting service [Tomcat]
2026-09-04T19:24:24.491+08:00 INFO  --- [main] org.apache.catalina.core.StandardEngine            : Starting Servlet engine: [Apache Tomcat/10.1.34]
2026-09-04T19:24:24.556+08:00 INFO  --- [main] o.a.c.core.ContainerBase.[Tomcat].[localhost].[/]  : Initializing Spring embedded WebApplicationContext
2026-09-04T19:24:24.556+08:00 INFO  --- [main] o.s.b.w.s.c.ServletWebServerApplicationContext     : Root WebApplicationContext: initialization completed in 1074 ms
2026-09-04T19:24:25.481+08:00 INFO  --- [main] org.apache.coyote.http11.Http11NioProtocol         : Starting ProtocolHandler ["http-nio-8080"]
2026-09-04T19:24:25.516+08:00 INFO  --- [main] o.s.boot.web.embedded.tomcat.TomcatWebServer       : Tomcat started on port 8080 (http) with context path '/'
2026-09-04T19:24:25.528+08:00 INFO  --- [main] com.kk.TliasWebManagementApplication               : Started TliasWebManagementApplication in 2.517 seconds (process running for 3.413)
2026-09-04T19:26:15.461+08:00 INFO  --- [http-nio-8080-exec-1] o.a.c.core.ContainerBase.[Tomcat].[localhost].[/]  : Initializing Spring DispatcherServlet 'dispatcherServlet'
2026-09-04T19:26:15.463+08:00 INFO  --- [http-nio-8080-exec-1] org.springframework.web.servlet.DispatcherServlet  : Initializing Servlet 'dispatcherServlet'
2026-09-04T19:26:15.463+08:00 INFO  --- [http-nio-8080-exec-1] org.springframework.web.servlet.DispatcherServlet  : Completed initialization in 0 ms
2026-09-04T19:26:15.512+08:00 INFO  --- [http-nio-8080-exec-1] com.kk.controller.EmpController                    : 根据id查询员工：23
2026-09-04T19:26:15.542+08:00 INFO  --- [http-nio-8080-exec-1] com.zaxxer.hikari.HikariDataSource                 : HikariPool-1 - Starting...
2026-09-04T19:26:16.107+08:00 INFO  --- [http-nio-8080-exec-1] com.zaxxer.hikari.pool.HikariPool                  : HikariPool-1 - Added connection com.mysql.cj.jdbc.ConnectionImpl@1f36d5e4
2026-09-04T19:26:16.109+08:00 INFO  --- [http-nio-8080-exec-1] com.zaxxer.hikari.HikariDataSource                 : HikariPool-1 - Start completed.
2026-09-04T19:30:19.752+08:00 INFO  --- [http-nio-8080-exec-5] com.kk.controller.EmpController                    : 根据id查询员工：23
2026-09-04T19:31:22.288+08:00 INFO  --- [SpringApplicationShutdownHook] o.s.boot.web.embedded.tomcat.GracefulShutdown      : Commencing graceful shutdown. Waiting for active requests to complete
2026-09-04T19:31:22.296+08:00 INFO  --- [tomcat-shutdown] o.s.boot.web.embedded.tomcat.GracefulShutdown      : Graceful shutdown complete
2026-09-04T19:31:22.300+08:00 INFO  --- [SpringApplicationShutdownHook] com.zaxxer.hikari.HikariDataSource                 : HikariPool-1 - Shutdown initiated...
2026-09-04T19:31:22.308+08:00 INFO  --- [SpringApplicationShutdownHook] com.zaxxer.hikari.HikariDataSource                 : HikariPool-1 - Shutdown completed.
2026-09-04T19:31:42.888+08:00 INFO  --- [main] com.kk.TliasWebManagementApplication               : Starting TliasWebManagementApplication using Java 23.0.2 with PID 29220 (D:\web_ai_code\Web-ai-project-03\tlias-web-management\target\classes started by 28428 in D:\web_ai_code\Web-ai-project-03)
2026-09-04T19:31:42.890+08:00 INFO  --- [main] com.kk.TliasWebManagementApplication               : No active profile set, falling back to 1 default profile: "default"
2026-09-04T19:31:43.940+08:00 INFO  --- [main] o.s.boot.web.embedded.tomcat.TomcatWebServer       : Tomcat initialized with port 8080 (http)
2026-09-04T19:31:43.955+08:00 INFO  --- [main] org.apache.coyote.http11.Http11NioProtocol         : Initializing ProtocolHandler ["http-nio-8080"]
2026-09-04T19:31:43.957+08:00 INFO  --- [main] org.apache.catalina.core.StandardService           : Starting service [Tomcat]
2026-09-04T19:31:43.958+08:00 INFO  --- [main] org.apache.catalina.core.StandardEngine            : Starting Servlet engine: [Apache Tomcat/10.1.34]
2026-09-04T19:31:44.015+08:00 INFO  --- [main] o.a.c.core.ContainerBase.[Tomcat].[localhost].[/]  : Initializing Spring embedded WebApplicationContext
2026-09-04T19:31:44.017+08:00 INFO  --- [main] o.s.b.w.s.c.ServletWebServerApplicationContext     : Root WebApplicationContext: initialization completed in 1063 ms
2026-09-04T19:31:44.884+08:00 INFO  --- [main] org.apache.coyote.http11.Http11NioProtocol         : Starting ProtocolHandler ["http-nio-8080"]
2026-09-04T19:31:44.913+08:00 INFO  --- [main] o.s.boot.web.embedded.tomcat.TomcatWebServer       : Tomcat started on port 8080 (http) with context path '/'
2026-09-04T19:31:44.923+08:00 INFO  --- [main] com.kk.TliasWebManagementApplication               : Started TliasWebManagementApplication in 2.407 seconds (process running for 3.213)
2026-09-04T19:31:48.109+08:00 INFO  --- [http-nio-8080-exec-2] o.a.c.core.ContainerBase.[Tomcat].[localhost].[/]  : Initializing Spring DispatcherServlet 'dispatcherServlet'
2026-09-04T19:31:48.109+08:00 INFO  --- [http-nio-8080-exec-2] org.springframework.web.servlet.DispatcherServlet  : Initializing Servlet 'dispatcherServlet'
2026-09-04T19:31:48.111+08:00 INFO  --- [http-nio-8080-exec-2] org.springframework.web.servlet.DispatcherServlet  : Completed initialization in 1 ms
2026-09-04T19:31:48.151+08:00 INFO  --- [http-nio-8080-exec-2] com.kk.controller.EmpController                    : 根据id查询员工：23
2026-09-04T19:31:48.180+08:00 INFO  --- [http-nio-8080-exec-2] com.zaxxer.hikari.HikariDataSource                 : HikariPool-1 - Starting...
2026-09-04T19:31:48.697+08:00 INFO  --- [http-nio-8080-exec-2] com.zaxxer.hikari.pool.HikariPool                  : HikariPool-1 - Added connection com.mysql.cj.jdbc.ConnectionImpl@c42a994
2026-09-04T19:31:48.700+08:00 INFO  --- [http-nio-8080-exec-2] com.zaxxer.hikari.HikariDataSource                 : HikariPool-1 - Start completed.
2026-09-04T19:32:50.032+08:00 INFO  --- [SpringApplicationShutdownHook] o.s.boot.web.embedded.tomcat.GracefulShutdown      : Commencing graceful shutdown. Waiting for active requests to complete
2026-09-04T19:32:50.036+08:00 INFO  --- [tomcat-shutdown] o.s.boot.web.embedded.tomcat.GracefulShutdown      : Graceful shutdown complete
2026-09-04T19:32:50.040+08:00 INFO  --- [SpringApplicationShutdownHook] com.zaxxer.hikari.HikariDataSource                 : HikariPool-1 - Shutdown initiated...
2026-09-04T19:32:50.046+08:00 INFO  --- [SpringApplicationShutdownHook] com.zaxxer.hikari.HikariDataSource                 : HikariPool-1 - Shutdown completed.
2026-09-04T20:52:48.451+08:00 INFO  --- [main] com.kk.TliasWebManagementApplication               : Starting TliasWebManagementApplication using Java 23.0.2 with PID 30132 (D:\web_ai_code\Web-ai-project-03\tlias-web-management\target\classes started by 28428 in D:\web_ai_code\Web-ai-project-03)
2026-09-04T20:52:48.453+08:00 INFO  --- [main] com.kk.TliasWebManagementApplication               : No active profile set, falling back to 1 default profile: "default"
2026-09-04T20:52:49.739+08:00 INFO  --- [main] o.s.boot.web.embedded.tomcat.TomcatWebServer       : Tomcat initialized with port 8080 (http)
2026-09-04T20:52:49.754+08:00 INFO  --- [main] org.apache.coyote.http11.Http11NioProtocol         : Initializing ProtocolHandler ["http-nio-8080"]
2026-09-04T20:52:49.757+08:00 INFO  --- [main] org.apache.catalina.core.StandardService           : Starting service [Tomcat]
2026-09-04T20:52:49.757+08:00 INFO  --- [main] org.apache.catalina.core.StandardEngine            : Starting Servlet engine: [Apache Tomcat/10.1.34]
2026-09-04T20:52:49.811+08:00 INFO  --- [main] o.a.c.core.ContainerBase.[Tomcat].[localhost].[/]  : Initializing Spring embedded WebApplicationContext
2026-09-04T20:52:49.811+08:00 INFO  --- [main] o.s.b.w.s.c.ServletWebServerApplicationContext     : Root WebApplicationContext: initialization completed in 1287 ms
2026-09-04T20:52:50.500+08:00 INFO  --- [main] org.apache.coyote.http11.Http11NioProtocol         : Starting ProtocolHandler ["http-nio-8080"]
2026-09-04T20:52:50.520+08:00 INFO  --- [main] o.s.boot.web.embedded.tomcat.TomcatWebServer       : Tomcat started on port 8080 (http) with context path '/'
2026-09-04T20:52:50.526+08:00 INFO  --- [main] com.kk.TliasWebManagementApplication               : Started TliasWebManagementApplication in 2.533 seconds (process running for 3.595)
2026-09-04T20:58:13.989+08:00 INFO  --- [SpringApplicationShutdownHook] o.s.boot.web.embedded.tomcat.GracefulShutdown      : Commencing graceful shutdown. Waiting for active requests to complete
2026-09-04T20:58:13.995+08:00 INFO  --- [tomcat-shutdown] o.s.boot.web.embedded.tomcat.GracefulShutdown      : Graceful shutdown complete
2026-09-04T21:04:12.193+08:00 INFO  --- [main] com.kk.TliasWebManagementApplication               : Starting TliasWebManagementApplication using Java 23.0.2 with PID 41872 (D:\web_ai_code\Web-ai-project-03\tlias-web-management\target\classes started by 28428 in D:\web_ai_code\Web-ai-project-03)
2026-09-04T21:04:12.195+08:00 INFO  --- [main] com.kk.TliasWebManagementApplication               : No active profile set, falling back to 1 default profile: "default"
2026-09-04T21:04:13.232+08:00 INFO  --- [main] o.s.boot.web.embedded.tomcat.TomcatWebServer       : Tomcat initialized with port 8080 (http)
2026-09-04T21:04:13.249+08:00 INFO  --- [main] org.apache.coyote.http11.Http11NioProtocol         : Initializing ProtocolHandler ["http-nio-8080"]
2026-09-04T21:04:13.251+08:00 INFO  --- [main] org.apache.catalina.core.StandardService           : Starting service [Tomcat]
2026-09-04T21:04:13.251+08:00 INFO  --- [main] org.apache.catalina.core.StandardEngine            : Starting Servlet engine: [Apache Tomcat/10.1.34]
2026-09-04T21:04:13.313+08:00 INFO  --- [main] o.a.c.core.ContainerBase.[Tomcat].[localhost].[/]  : Initializing Spring embedded WebApplicationContext
2026-09-04T21:04:13.313+08:00 INFO  --- [main] o.s.b.w.s.c.ServletWebServerApplicationContext     : Root WebApplicationContext: initialization completed in 1064 ms
2026-09-04T21:04:14.065+08:00 INFO  --- [main] org.apache.coyote.http11.Http11NioProtocol         : Starting ProtocolHandler ["http-nio-8080"]
2026-09-04T21:04:14.085+08:00 INFO  --- [main] o.s.boot.web.embedded.tomcat.TomcatWebServer       : Tomcat started on port 8080 (http) with context path '/'
2026-09-04T21:04:14.092+08:00 INFO  --- [main] com.kk.TliasWebManagementApplication               : Started TliasWebManagementApplication in 2.356 seconds (process running for 3.342)
2026-09-04T21:04:25.759+08:00 INFO  --- [http-nio-8080-exec-1] o.a.c.core.ContainerBase.[Tomcat].[localhost].[/]  : Initializing Spring DispatcherServlet 'dispatcherServlet'
2026-09-04T21:04:25.759+08:00 INFO  --- [http-nio-8080-exec-1] org.springframework.web.servlet.DispatcherServlet  : Initializing Servlet 'dispatcherServlet'
2026-09-04T21:04:25.763+08:00 INFO  --- [http-nio-8080-exec-1] org.springframework.web.servlet.DispatcherServlet  : Completed initialization in 4 ms
2026-09-04T21:04:25.930+08:00 INFO  --- [http-nio-8080-exec-1] com.zaxxer.hikari.HikariDataSource                 : HikariPool-1 - Starting...
2026-09-04T21:04:26.756+08:00 INFO  --- [http-nio-8080-exec-1] com.zaxxer.hikari.pool.HikariPool                  : HikariPool-1 - Added connection com.mysql.cj.jdbc.ConnectionImpl@6d572d71
2026-09-04T21:04:26.759+08:00 INFO  --- [http-nio-8080-exec-1] com.zaxxer.hikari.HikariDataSource                 : HikariPool-1 - Start completed.
2026-09-04T21:04:53.782+08:00 INFO  --- [http-nio-8080-exec-6] com.kk.controller.EmpController                    : 分页查询：EmpQueryParam(page=1, pageSize=10, name=, gender=null, begin=null, end=null)
2026-09-04T21:04:59.425+08:00 INFO  --- [http-nio-8080-exec-7] com.kk.controller.EmpController                    : 根据id查询员工：1
2026-09-04T21:05:04.896+08:00 INFO  --- [http-nio-8080-exec-8] com.kk.controller.UploadController                 : 上传文件，姓名：null，年龄：null, 文件名：org.springframework.web.multipart.support.StandardMultipartHttpServletRequest$StandardMultipartFile@5dc1724e
2026-09-04T21:05:23.053+08:00 INFO  --- [http-nio-8080-exec-10] com.kk.controller.EmpController                    : 修改员工：Emp(id=1, username=zhangsan, password=null, name=张三, gender=1, phone=13800000001, job=1, salary=8500, image=/upload/0f52f085-7bc0-4be5-8a54-73bc2cfb6920.jpg, entryDate=2023-01-10, deptId=1, createTime=2026-09-02T19:27:25, updateTime=2026-09-02T19:27:25, deptName=null, exprList=[EmpExpr(id=23, empId=1, begin=2026-09-04, end=2026-09-04, company=ss, job=s's)])
2026-09-04T21:05:23.063+08:00 DEBUG --- [http-nio-8080-exec-10] o.s.jdbc.support.JdbcTransactionManager            : Creating new transaction with name [com.kk.service.impl.EmpServiceImpl.update]: PROPAGATION_REQUIRED,ISOLATION_DEFAULT,-java.lang.Exception
2026-09-04T21:05:23.066+08:00 DEBUG --- [http-nio-8080-exec-10] o.s.jdbc.support.JdbcTransactionManager            : Acquired Connection [HikariProxyConnection@1873285056 wrapping com.mysql.cj.jdbc.ConnectionImpl@6d572d71] for JDBC transaction
2026-09-04T21:05:23.066+08:00 DEBUG --- [http-nio-8080-exec-10] o.s.jdbc.support.JdbcTransactionManager            : Switching JDBC Connection [HikariProxyConnection@1873285056 wrapping com.mysql.cj.jdbc.ConnectionImpl@6d572d71] to manual commit
2026-09-04T21:05:23.090+08:00 DEBUG --- [http-nio-8080-exec-10] o.s.jdbc.support.JdbcTransactionManager            : Initiating transaction commit
2026-09-04T21:05:23.090+08:00 DEBUG --- [http-nio-8080-exec-10] o.s.jdbc.support.JdbcTransactionManager            : Committing JDBC transaction on Connection [HikariProxyConnection@1873285056 wrapping com.mysql.cj.jdbc.ConnectionImpl@6d572d71]
2026-09-04T21:05:23.096+08:00 DEBUG --- [http-nio-8080-exec-10] o.s.jdbc.support.JdbcTransactionManager            : Releasing JDBC Connection [HikariProxyConnection@1873285056 wrapping com.mysql.cj.jdbc.ConnectionImpl@6d572d71] after transaction
2026-09-04T21:05:23.430+08:00 INFO  --- [http-nio-8080-exec-1] com.kk.controller.EmpController                    : 分页查询：EmpQueryParam(page=1, pageSize=10, name=, gender=null, begin=null, end=null)
2026-09-04T21:05:37.644+08:00 INFO  --- [http-nio-8080-exec-2] com.kk.controller.EmpController                    : 分页查询：EmpQueryParam(page=1, pageSize=10, name=张三, gender=null, begin=null, end=null)
2026-09-04T21:05:40.888+08:00 INFO  --- [http-nio-8080-exec-3] com.kk.controller.EmpController                    : 分页查询：EmpQueryParam(page=1, pageSize=10, name=张三, gender=2, begin=null, end=null)
2026-09-04T21:05:43.195+08:00 INFO  --- [http-nio-8080-exec-4] com.kk.controller.EmpController                    : 分页查询：EmpQueryParam(page=1, pageSize=10, name=张三, gender=1, begin=null, end=null)
2026-09-04T21:24:34.173+08:00 INFO  --- [http-nio-8080-exec-9] com.kk.controller.EmpController                    : 分页查询：EmpQueryParam(page=1, pageSize=10, name=, gender=null, begin=null, end=null)
2026-09-04T21:28:30.485+08:00 INFO  --- [http-nio-8080-exec-2] com.kk.controller.EmpController                    : 分页查询：EmpQueryParam(page=1, pageSize=10, name=, gender=null, begin=null, end=null)
2026-09-04T21:28:34.630+08:00 INFO  --- [http-nio-8080-exec-6] com.kk.controller.EmpController                    : 分页查询：EmpQueryParam(page=1, pageSize=10, name=, gender=null, begin=null, end=null)
2026-09-04T21:28:38.241+08:00 INFO  --- [http-nio-8080-exec-8] com.kk.controller.EmpController                    : 分页查询：EmpQueryParam(page=1, pageSize=10, name=, gender=null, begin=null, end=null)
2026-09-04T21:28:39.743+08:00 INFO  --- [http-nio-8080-exec-1] com.kk.controller.EmpController                    : 分页查询：EmpQueryParam(page=1, pageSize=10, name=, gender=null, begin=null, end=null)
2026-09-04T22:17:54.728+08:00 INFO  --- [SpringApplicationShutdownHook] o.s.boot.web.embedded.tomcat.GracefulShutdown      : Commencing graceful shutdown. Waiting for active requests to complete
2026-09-04T22:17:54.763+08:00 INFO  --- [tomcat-shutdown] o.s.boot.web.embedded.tomcat.GracefulShutdown      : Graceful shutdown complete
2026-09-04T22:17:54.789+08:00 INFO  --- [SpringApplicationShutdownHook] com.zaxxer.hikari.HikariDataSource                 : HikariPool-1 - Shutdown initiated...
2026-09-04T22:17:54.805+08:00 INFO  --- [SpringApplicationShutdownHook] com.zaxxer.hikari.HikariDataSource                 : HikariPool-1 - Shutdown completed.
